Altair Ego: Emulating Altair BASIC 32K Rev. 3.2
OK
OK
SYNTAX ERROR in line 1: 580 PRINT "LEN(\"HELLO\")="; LEN("HELLO")
SYNTAX ERROR in line 1: 590 PRINT "LEFT$(\"HELLO\",2)="; LEFT$("HELLO",2)
SYNTAX ERROR in line 1: 600 PRINT "RIGHT$(\"HELLO\",2)="; RIGHT$("HELLO",2)
SYNTAX ERROR in line 1: 610 PRINT "MID$(\"HELLO\",2,2)="; MID$("HELLO",2,2)
ILLEGAL VARIABLE NAME
OK